[    1356ms] [WARNING] Translation key "meta.credit_text.video" is missing in namespace "medium" @ https://static.pexels.com/1/_next/static/chunks/pages/_app-f572b272ab92a919.js:0
[    1550ms] [WARNING] Translation key "meta.credit_text.video" is missing in namespace "medium" @ https://static.pexels.com/1/_next/static/chunks/pages/_app-f572b272ab92a919.js:0
[    1864ms] Error: Minified React error #425; visit https://reactjs.org/docs/error-decoder.html?invariant=425 for the full message or use the non-minified dev environment for full errors and additional helpful warnings.
    at rh (https://static.pexels.com/1/_next/static/chunks/framework-dfbc9f8340a4919a.js:1:44541)
    at https://static.pexels.com/1/_next/static/chunks/framework-dfbc9f8340a4919a.js:1:107723
    at oI (https://static.pexels.com/1/_next/static/chunks/framework-dfbc9f8340a4919a.js:1:110467)
    at oD (https://static.pexels.com/1/_next/static/chunks/framework-dfbc9f8340a4919a.js:1:103431)
    at oO (https://static.pexels.com/1/_next/static/chunks/framework-dfbc9f8340a4919a.js:1:103241)
    at ox (https://static.pexels.com/1/_next/static/chunks/framework-dfbc9f8340a4919a.js:1:98314)
    at x (https://static.pexels.com/1/_next/static/chunks/framework-dfbc9f8340a4919a.js:1:1756)
    at MessagePort.T (https://static.pexels.com/1/_next/static/chunks/framework-dfbc9f8340a4919a.js:1:2277)
[    1866ms] Error: Minified React error #418; visit https://reactjs.org/docs/error-decoder.html?invariant=418 for the full message or use the non-minified dev environment for full errors and additional helpful warnings.
    at lg (https://static.pexels.com/1/_next/static/chunks/framework-dfbc9f8340a4919a.js:1:50832)
    at i (https://static.pexels.com/1/_next/static/chunks/framework-dfbc9f8340a4919a.js:1:125365)
    at oD (https://static.pexels.com/1/_next/static/chunks/framework-dfbc9f8340a4919a.js:1:103371)
    at oO (https://static.pexels.com/1/_next/static/chunks/framework-dfbc9f8340a4919a.js:1:103241)
    at ox (https://static.pexels.com/1/_next/static/chunks/framework-dfbc9f8340a4919a.js:1:98314)
    at x (https://static.pexels.com/1/_next/static/chunks/framework-dfbc9f8340a4919a.js:1:1756)
    at MessagePort.T (https://static.pexels.com/1/_next/static/chunks/framework-dfbc9f8340a4919a.js:1:2277)
[    1866ms] Error: Minified React error #418; visit https://reactjs.org/docs/error-decoder.html?invariant=418 for the full message or use the non-minified dev environment for full errors and additional helpful warnings.
    at lg (https://static.pexels.com/1/_next/static/chunks/framework-dfbc9f8340a4919a.js:1:50832)
    at i (https://static.pexels.com/1/_next/static/chunks/framework-dfbc9f8340a4919a.js:1:125365)
    at oD (https://static.pexels.com/1/_next/static/chunks/framework-dfbc9f8340a4919a.js:1:103371)
    at oO (https://static.pexels.com/1/_next/static/chunks/framework-dfbc9f8340a4919a.js:1:103241)
    at ox (https://static.pexels.com/1/_next/static/chunks/framework-dfbc9f8340a4919a.js:1:98314)
    at x (https://static.pexels.com/1/_next/static/chunks/framework-dfbc9f8340a4919a.js:1:1756)
    at MessagePort.T (https://static.pexels.com/1/_next/static/chunks/framework-dfbc9f8340a4919a.js:1:2277)
[    1866ms] Error: Minified React error #418; visit https://reactjs.org/docs/error-decoder.html?invariant=418 for the full message or use the non-minified dev environment for full errors and additional helpful warnings.
    at lg (https://static.pexels.com/1/_next/static/chunks/framework-dfbc9f8340a4919a.js:1:50832)
    at i (https://static.pexels.com/1/_next/static/chunks/framework-dfbc9f8340a4919a.js:1:125365)
    at oD (https://static.pexels.com/1/_next/static/chunks/framework-dfbc9f8340a4919a.js:1:103371)
    at oO (https://static.pexels.com/1/_next/static/chunks/framework-dfbc9f8340a4919a.js:1:103241)
    at ox (https://static.pexels.com/1/_next/static/chunks/framework-dfbc9f8340a4919a.js:1:98314)
    at x (https://static.pexels.com/1/_next/static/chunks/framework-dfbc9f8340a4919a.js:1:1756)
    at MessagePort.T (https://static.pexels.com/1/_next/static/chunks/framework-dfbc9f8340a4919a.js:1:2277)
[    1868ms] Error: Minified React error #418; visit https://reactjs.org/docs/error-decoder.html?invariant=418 for the full message or use the non-minified dev environment for full errors and additional helpful warnings.
    at lg (https://static.pexels.com/1/_next/static/chunks/framework-dfbc9f8340a4919a.js:1:50832)
    at i (https://static.pexels.com/1/_next/static/chunks/framework-dfbc9f8340a4919a.js:1:125365)
    at oD (https://static.pexels.com/1/_next/static/chunks/framework-dfbc9f8340a4919a.js:1:103371)
    at oO (https://static.pexels.com/1/_next/static/chunks/framework-dfbc9f8340a4919a.js:1:103241)
    at ox (https://static.pexels.com/1/_next/static/chunks/framework-dfbc9f8340a4919a.js:1:98314)
    at x (https://static.pexels.com/1/_next/static/chunks/framework-dfbc9f8340a4919a.js:1:1756)
    at MessagePort.T (https://static.pexels.com/1/_next/static/chunks/framework-dfbc9f8340a4919a.js:1:2277)
[    1869ms] Error: Minified React error #418; visit https://reactjs.org/docs/error-decoder.html?invariant=418 for the full message or use the non-minified dev environment for full errors and additional helpful warnings.
    at lg (https://static.pexels.com/1/_next/static/chunks/framework-dfbc9f8340a4919a.js:1:50832)
    at i (https://static.pexels.com/1/_next/static/chunks/framework-dfbc9f8340a4919a.js:1:125365)
    at oD (https://static.pexels.com/1/_next/static/chunks/framework-dfbc9f8340a4919a.js:1:103371)
    at oO (https://static.pexels.com/1/_next/static/chunks/framework-dfbc9f8340a4919a.js:1:103241)
    at ox (https://static.pexels.com/1/_next/static/chunks/framework-dfbc9f8340a4919a.js:1:98314)
    at x (https://static.pexels.com/1/_next/static/chunks/framework-dfbc9f8340a4919a.js:1:1756)
    at MessagePort.T (https://static.pexels.com/1/_next/static/chunks/framework-dfbc9f8340a4919a.js:1:2277)
[    1869ms] Error: Minified React error #418; visit https://reactjs.org/docs/error-decoder.html?invariant=418 for the full message or use the non-minified dev environment for full errors and additional helpful warnings.
    at lg (https://static.pexels.com/1/_next/static/chunks/framework-dfbc9f8340a4919a.js:1:50832)
    at i (https://static.pexels.com/1/_next/static/chunks/framework-dfbc9f8340a4919a.js:1:125365)
    at oD (https://static.pexels.com/1/_next/static/chunks/framework-dfbc9f8340a4919a.js:1:103371)
    at oO (https://static.pexels.com/1/_next/static/chunks/framework-dfbc9f8340a4919a.js:1:103241)
    at ox (https://static.pexels.com/1/_next/static/chunks/framework-dfbc9f8340a4919a.js:1:98314)
    at x (https://static.pexels.com/1/_next/static/chunks/framework-dfbc9f8340a4919a.js:1:1756)
    at MessagePort.T (https://static.pexels.com/1/_next/static/chunks/framework-dfbc9f8340a4919a.js:1:2277)
[    1871ms] Error: Minified React error #418; visit https://reactjs.org/docs/error-decoder.html?invariant=418 for the full message or use the non-minified dev environment for full errors and additional helpful warnings.
    at lg (https://static.pexels.com/1/_next/static/chunks/framework-dfbc9f8340a4919a.js:1:50832)
    at i (https://static.pexels.com/1/_next/static/chunks/framework-dfbc9f8340a4919a.js:1:125365)
    at oD (https://static.pexels.com/1/_next/static/chunks/framework-dfbc9f8340a4919a.js:1:103371)
    at oO (https://static.pexels.com/1/_next/static/chunks/framework-dfbc9f8340a4919a.js:1:103241)
    at ox (https://static.pexels.com/1/_next/static/chunks/framework-dfbc9f8340a4919a.js:1:98314)
    at x (https://static.pexels.com/1/_next/static/chunks/framework-dfbc9f8340a4919a.js:1:1756)
    at MessagePort.T (https://static.pexels.com/1/_next/static/chunks/framework-dfbc9f8340a4919a.js:1:2277)
[    1872ms] Error: Minified React error #418; visit https://reactjs.org/docs/error-decoder.html?invariant=418 for the full message or use the non-minified dev environment for full errors and additional helpful warnings.
    at lg (https://static.pexels.com/1/_next/static/chunks/framework-dfbc9f8340a4919a.js:1:50832)
    at i (https://static.pexels.com/1/_next/static/chunks/framework-dfbc9f8340a4919a.js:1:125365)
    at oD (https://static.pexels.com/1/_next/static/chunks/framework-dfbc9f8340a4919a.js:1:103371)
    at oO (https://static.pexels.com/1/_next/static/chunks/framework-dfbc9f8340a4919a.js:1:103241)
    at ox (https://static.pexels.com/1/_next/static/chunks/framework-dfbc9f8340a4919a.js:1:98314)
    at x (https://static.pexels.com/1/_next/static/chunks/framework-dfbc9f8340a4919a.js:1:1756)
    at MessagePort.T (https://static.pexels.com/1/_next/static/chunks/framework-dfbc9f8340a4919a.js:1:2277)
[    1874ms] Error: Minified React error #418; visit https://reactjs.org/docs/error-decoder.html?invariant=418 for the full message or use the non-minified dev environment for full errors and additional helpful warnings.
    at lg (https://static.pexels.com/1/_next/static/chunks/framework-dfbc9f8340a4919a.js:1:50832)
    at i (https://static.pexels.com/1/_next/static/chunks/framework-dfbc9f8340a4919a.js:1:125365)
    at oD (https://static.pexels.com/1/_next/static/chunks/framework-dfbc9f8340a4919a.js:1:103371)
    at oO (https://static.pexels.com/1/_next/static/chunks/framework-dfbc9f8340a4919a.js:1:103241)
    at ox (https://static.pexels.com/1/_next/static/chunks/framework-dfbc9f8340a4919a.js:1:98314)
    at x (https://static.pexels.com/1/_next/static/chunks/framework-dfbc9f8340a4919a.js:1:1756)
    at MessagePort.T (https://static.pexels.com/1/_next/static/chunks/framework-dfbc9f8340a4919a.js:1:2277)
[    1874ms] Error: Minified React error #418; visit https://reactjs.org/docs/error-decoder.html?invariant=418 for the full message or use the non-minified dev environment for full errors and additional helpful warnings.
    at lg (https://static.pexels.com/1/_next/static/chunks/framework-dfbc9f8340a4919a.js:1:50832)
    at i (https://static.pexels.com/1/_next/static/chunks/framework-dfbc9f8340a4919a.js:1:125365)
    at oD (https://static.pexels.com/1/_next/static/chunks/framework-dfbc9f8340a4919a.js:1:103371)
    at oO (https://static.pexels.com/1/_next/static/chunks/framework-dfbc9f8340a4919a.js:1:103241)
    at ox (https://static.pexels.com/1/_next/static/chunks/framework-dfbc9f8340a4919a.js:1:98314)
    at x (https://static.pexels.com/1/_next/static/chunks/framework-dfbc9f8340a4919a.js:1:1756)
    at MessagePort.T (https://static.pexels.com/1/_next/static/chunks/framework-dfbc9f8340a4919a.js:1:2277)
[    1875ms] Error: Minified React error #418; visit https://reactjs.org/docs/error-decoder.html?invariant=418 for the full message or use the non-minified dev environment for full errors and additional helpful warnings.
    at lg (https://static.pexels.com/1/_next/static/chunks/framework-dfbc9f8340a4919a.js:1:50832)
    at i (https://static.pexels.com/1/_next/static/chunks/framework-dfbc9f8340a4919a.js:1:125365)
    at oD (https://static.pexels.com/1/_next/static/chunks/framework-dfbc9f8340a4919a.js:1:103371)
    at oO (https://static.pexels.com/1/_next/static/chunks/framework-dfbc9f8340a4919a.js:1:103241)
    at ox (https://static.pexels.com/1/_next/static/chunks/framework-dfbc9f8340a4919a.js:1:98314)
    at x (https://static.pexels.com/1/_next/static/chunks/framework-dfbc9f8340a4919a.js:1:1756)
    at MessagePort.T (https://static.pexels.com/1/_next/static/chunks/framework-dfbc9f8340a4919a.js:1:2277)
[    1876ms] Error: Minified React error #418; visit https://reactjs.org/docs/error-decoder.html?invariant=418 for the full message or use the non-minified dev environment for full errors and additional helpful warnings.
    at lg (https://static.pexels.com/1/_next/static/chunks/framework-dfbc9f8340a4919a.js:1:50832)
    at i (https://static.pexels.com/1/_next/static/chunks/framework-dfbc9f8340a4919a.js:1:125365)
    at oD (https://static.pexels.com/1/_next/static/chunks/framework-dfbc9f8340a4919a.js:1:103371)
    at oO (https://static.pexels.com/1/_next/static/chunks/framework-dfbc9f8340a4919a.js:1:103241)
    at ox (https://static.pexels.com/1/_next/static/chunks/framework-dfbc9f8340a4919a.js:1:98314)
    at x (https://static.pexels.com/1/_next/static/chunks/framework-dfbc9f8340a4919a.js:1:1756)
    at MessagePort.T (https://static.pexels.com/1/_next/static/chunks/framework-dfbc9f8340a4919a.js:1:2277)
[    1878ms] Error: Minified React error #418; visit https://reactjs.org/docs/error-decoder.html?invariant=418 for the full message or use the non-minified dev environment for full errors and additional helpful warnings.
    at lg (https://static.pexels.com/1/_next/static/chunks/framework-dfbc9f8340a4919a.js:1:50832)
    at i (https://static.pexels.com/1/_next/static/chunks/framework-dfbc9f8340a4919a.js:1:125365)
    at oD (https://static.pexels.com/1/_next/static/chunks/framework-dfbc9f8340a4919a.js:1:103371)
    at oO (https://static.pexels.com/1/_next/static/chunks/framework-dfbc9f8340a4919a.js:1:103241)
    at ox (https://static.pexels.com/1/_next/static/chunks/framework-dfbc9f8340a4919a.js:1:98314)
    at x (https://static.pexels.com/1/_next/static/chunks/framework-dfbc9f8340a4919a.js:1:1756)
    at MessagePort.T (https://static.pexels.com/1/_next/static/chunks/framework-dfbc9f8340a4919a.js:1:2277)
[    1879ms] Error: Minified React error #418; visit https://reactjs.org/docs/error-decoder.html?invariant=418 for the full message or use the non-minified dev environment for full errors and additional helpful warnings.
    at lg (https://static.pexels.com/1/_next/static/chunks/framework-dfbc9f8340a4919a.js:1:50832)
    at i (https://static.pexels.com/1/_next/static/chunks/framework-dfbc9f8340a4919a.js:1:125365)
    at oD (https://static.pexels.com/1/_next/static/chunks/framework-dfbc9f8340a4919a.js:1:103371)
    at oO (https://static.pexels.com/1/_next/static/chunks/framework-dfbc9f8340a4919a.js:1:103241)
    at ox (https://static.pexels.com/1/_next/static/chunks/framework-dfbc9f8340a4919a.js:1:98314)
    at x (https://static.pexels.com/1/_next/static/chunks/framework-dfbc9f8340a4919a.js:1:1756)
    at MessagePort.T (https://static.pexels.com/1/_next/static/chunks/framework-dfbc9f8340a4919a.js:1:2277)
[    1879ms] Error: Minified React error #418; visit https://reactjs.org/docs/error-decoder.html?invariant=418 for the full message or use the non-minified dev environment for full errors and additional helpful warnings.
    at lg (https://static.pexels.com/1/_next/static/chunks/framework-dfbc9f8340a4919a.js:1:50832)
    at i (https://static.pexels.com/1/_next/static/chunks/framework-dfbc9f8340a4919a.js:1:125365)
    at oD (https://static.pexels.com/1/_next/static/chunks/framework-dfbc9f8340a4919a.js:1:103371)
    at oO (https://static.pexels.com/1/_next/static/chunks/framework-dfbc9f8340a4919a.js:1:103241)
    at ox (https://static.pexels.com/1/_next/static/chunks/framework-dfbc9f8340a4919a.js:1:98314)
    at x (https://static.pexels.com/1/_next/static/chunks/framework-dfbc9f8340a4919a.js:1:1756)
    at MessagePort.T (https://static.pexels.com/1/_next/static/chunks/framework-dfbc9f8340a4919a.js:1:2277)
[    1879ms] Error: Minified React error #418; visit https://reactjs.org/docs/error-decoder.html?invariant=418 for the full message or use the non-minified dev environment for full errors and additional helpful warnings.
    at lg (https://static.pexels.com/1/_next/static/chunks/framework-dfbc9f8340a4919a.js:1:50832)
    at i (https://static.pexels.com/1/_next/static/chunks/framework-dfbc9f8340a4919a.js:1:125365)
    at oD (https://static.pexels.com/1/_next/static/chunks/framework-dfbc9f8340a4919a.js:1:103371)
    at oO (https://static.pexels.com/1/_next/static/chunks/framework-dfbc9f8340a4919a.js:1:103241)
    at ox (https://static.pexels.com/1/_next/static/chunks/framework-dfbc9f8340a4919a.js:1:98314)
    at x (https://static.pexels.com/1/_next/static/chunks/framework-dfbc9f8340a4919a.js:1:1756)
    at MessagePort.T (https://static.pexels.com/1/_next/static/chunks/framework-dfbc9f8340a4919a.js:1:2277)
[    1880ms] Error: Minified React error #418; visit https://reactjs.org/docs/error-decoder.html?invariant=418 for the full message or use the non-minified dev environment for full errors and additional helpful warnings.
    at lg (https://static.pexels.com/1/_next/static/chunks/framework-dfbc9f8340a4919a.js:1:50832)
    at i (https://static.pexels.com/1/_next/static/chunks/framework-dfbc9f8340a4919a.js:1:125365)
    at oD (https://static.pexels.com/1/_next/static/chunks/framework-dfbc9f8340a4919a.js:1:103371)
    at oO (https://static.pexels.com/1/_next/static/chunks/framework-dfbc9f8340a4919a.js:1:103241)
    at ox (https://static.pexels.com/1/_next/static/chunks/framework-dfbc9f8340a4919a.js:1:98314)
    at x (https://static.pexels.com/1/_next/static/chunks/framework-dfbc9f8340a4919a.js:1:1756)
    at MessagePort.T (https://static.pexels.com/1/_next/static/chunks/framework-dfbc9f8340a4919a.js:1:2277)
[    1881ms] Error: Minified React error #423; visit https://reactjs.org/docs/error-decoder.html?invariant=423 for the full message or use the non-minified dev environment for full errors and additional helpful warnings.
    at i (https://static.pexels.com/1/_next/static/chunks/framework-dfbc9f8340a4919a.js:1:125024)
    at oD (https://static.pexels.com/1/_next/static/chunks/framework-dfbc9f8340a4919a.js:1:103371)
    at oO (https://static.pexels.com/1/_next/static/chunks/framework-dfbc9f8340a4919a.js:1:103241)
    at oE (https://static.pexels.com/1/_next/static/chunks/framework-dfbc9f8340a4919a.js:1:100012)
    at ox (https://static.pexels.com/1/_next/static/chunks/framework-dfbc9f8340a4919a.js:1:98567)
    at x (https://static.pexels.com/1/_next/static/chunks/framework-dfbc9f8340a4919a.js:1:1756)
    at MessagePort.T (https://static.pexels.com/1/_next/static/chunks/framework-dfbc9f8340a4919a.js:1:2277)
[    2310ms] [ERROR] Failed to load resource: the server responded with a status of 401 () @ https://www.pexels.com/en-us/api/v2/me:0
[    2329ms] [WARNING] Translation key "meta.credit_text.video" is missing in namespace "medium" @ https://static.pexels.com/1/_next/static/chunks/pages/_app-f572b272ab92a919.js:0
[    2571ms] [WARNING] Translation key "meta.credit_text.video" is missing in namespace "medium" @ https://static.pexels.com/1/vendor/sentry-8.34.0/bundle.tracing.min.js:1
[    2993ms] [WARNING] Media Chrome: No style sheet found on style tag of JSHandle@node @ https://static.pexels.com/1/vendor/sentry-8.34.0/bundle.tracing.min.js:1
[    6723ms] [ERROR] Loading the image 'https://www.google.co.in/ads/ga-audiences?v=1&t=sr&slf_rd=1&_r=4&ngs=1&ibt=1&tid=G-8JE65Q40S6&cid=1879984189.1790530424&gtm=45je69n1v877966902z8862080757za20gzb862080757zd862080757xf1&rcb=9&aip=1&dma=0&gcd=13l3l3l3l1l1&npa=0&frm=0&tag_exp=115616985~115938466~115938468~118897920~118897930~120213116~120385422~120469145~120469153&z=1024863765' violates the following Content Security Policy directive: "img-src 'self' data: blob: https://connect.facebook.net https://content.pexels.com https://i.ytimg.com https://images.pexels.com https://maps.gstatic.com https://media.istockphoto.com https://*.onetrust.com https://static.pexels.com https://www.facebook.com https://www.googletagmanager.com https://www.gravatar.com". The action has been blocked. @ https://www.pexels.com/video/close-up-video-of-a-laptop-8480483/:0
[    9937ms] [WARNING] [Meta Pixel] - Invalid parameter format for currency. Please refer https://developers.facebook.com/docs/meta-pixel/reference/ for valid parameter specifications. @ https://static.pexels.com/1/vendor/sentry-8.34.0/bundle.tracing.min.js:1
[   10712ms] [WARNING] [GSI_LOGGER]: Your client application uses one of the Google One Tap prompt UI status methods that may stop functioning when FedCM becomes mandatory. Refer to the migration guide to update your code accordingly and opt-in to FedCM to test your changes. Learn more: https://developers.google.com/identity/gsi/web/guides/fedcm-migration?s=dc#display_moment and https://developers.google.com/identity/gsi/web/guides/fedcm-migration?s=dc#skipped_moment @ https://static.pexels.com/1/vendor/sentry-8.34.0/bundle.tracing.min.js:1
[   10725ms] [ERROR] Not signed in with the identity provider. @ https://www.pexels.com/video/close-up-video-of-a-laptop-8480483/:0
[   13733ms] [WARNING] The resource https://static.pexels.com/1/fonts/CanvaSans-Medium.woff2 was preloaded using link preload but not used within a few seconds from the window's load event. Please make sure it has an appropriate `as` value and it is preloaded intentionally. @ https://www.pexels.com/video/close-up-video-of-a-laptop-8480483/:0
[   13733ms] [WARNING] The resource https://static.pexels.com/1/fonts/CanvaSans-Bold.woff2 was preloaded using link preload but not used within a few seconds from the window's load event. Please make sure it has an appropriate `as` value and it is preloaded intentionally. @ https://www.pexels.com/video/close-up-video-of-a-laptop-8480483/:0
[   14283ms] [ERROR] [GSI_LOGGER]: FedCM get() rejects with NetworkError: Error retrieving a token. @ https://static.pexels.com/1/vendor/sentry-8.34.0/bundle.tracing.min.js:1
[   14284ms] [LOG] one tap prompt wu @ https://static.pexels.com/1/vendor/sentry-8.34.0/bundle.tracing.min.js:1
[   17633ms] [WARNING] The resource https://static.pexels.com/1/fonts/CanvaSans-Medium.woff2 was preloaded using link preload but not used within a few seconds from the window's load event. Please make sure it has an appropriate `as` value and it is preloaded intentionally. @ https://www.pexels.com/video/close-up-video-of-a-laptop-8480483/:0
[   17633ms] [WARNING] The resource https://static.pexels.com/1/fonts/CanvaSans-Bold.woff2 was preloaded using link preload but not used within a few seconds from the window's load event. Please make sure it has an appropriate `as` value and it is preloaded intentionally. @ https://www.pexels.com/video/close-up-video-of-a-laptop-8480483/:0
[   93628ms] [WARNING] Translation key "meta.credit_text.video" is missing in namespace "medium" @ https://static.pexels.com/1/vendor/sentry-8.34.0/bundle.tracing.min.js:1
[   99042ms] [WARNING] The resource https://static.pexels.com/1/fonts/CanvaSans-Medium.woff2 was preloaded using link preload but not used within a few seconds from the window's load event. Please make sure it has an appropriate `as` value and it is preloaded intentionally. @ https://www.pexels.com/video/close-up-video-of-a-laptop-8480483/:0
[   99043ms] [WARNING] The resource https://static.pexels.com/1/fonts/CanvaSans-Bold.woff2 was preloaded using link preload but not used within a few seconds from the window's load event. Please make sure it has an appropriate `as` value and it is preloaded intentionally. @ https://www.pexels.com/video/close-up-video-of-a-laptop-8480483/:0
